[www.sistemaviralafiliados.com/kiwify-metodo/index.html]
[media.atomicatpages.net/u/OEot6OgWB7TYo6PAXLHYKe5xODi1/Pictures/scnDcv8958557.png]
[backblue.gif]
[fade.gif]
[index.html]
[media.atomicatpages.net/u/OEot6OgWB7TYo6PAXLHYKe5xODi1/Pictures/keRrlX8847431.jpg]
[cdnjs.cloudflare.com/ajax/libs/video.js/8.5.2/video-js.min.css]
[cdn.utmify.com.br/scripts/utms/latest.js]
[cdnjs.cloudflare.com/ajax/libs/video.js/8.5.2/video.min.js]
[media.atomicatpages.net/u/OEot6OgWB7TYo6PAXLHYKe5xODi1/Pictures/pCHpXK1611897.png]
[media.atomicatpages.net/u/OEot6OgWB7TYo6PAXLHYKe5xODi1/Pictures/Rxbraw1031348.jpg]
[media.atomicatpages.net/u/OEot6OgWB7TYo6PAXLHYKe5xODi1/Pictures/zAezwG3770506.jpg]
[media.atomicatpages.net/u/OEot6OgWB7TYo6PAXLHYKe5xODi1/Pictures/GcXkYR3797250.jpg]
[media.atomicatpages.net/u/OEot6OgWB7TYo6PAXLHYKe5xODi1/Pictures/CAdWzg3797250.jpg]
[media.atomicatpages.net/u/OEot6OgWB7TYo6PAXLHYKe5xODi1/Pictures/ydFuHY3037729.jpg]
[media.atomicatpages.net/u/OEot6OgWB7TYo6PAXLHYKe5xODi1/Pictures/zNBIQh6537064.png]
[media.atomicatpages.net/u/OEot6OgWB7TYo6PAXLHYKe5xODi1/Pictures/otbkfM6208237.jpg]
[media.atomicatpages.net/u/OEot6OgWB7TYo6PAXLHYKe5xODi1/Pictures/xihcGi6208237.jpg]
[media.atomicatpages.net/u/OEot6OgWB7TYo6PAXLHYKe5xODi1/Pictures/nbbglY6208237.jpg]
[media.atomicatpages.net/u/OEot6OgWB7TYo6PAXLHYKe5xODi1/Pictures/tnsCJb6208237.jpg]
[media.atomicatpages.net/u/OEot6OgWB7TYo6PAXLHYKe5xODi1/Pictures/eARmgY6208237.jpg]
[media.atomicatpages.net/u/OEot6OgWB7TYo6PAXLHYKe5xODi1/Pictures/aJnMev6208237.jpg]
[media.atomicatpages.net/u/OEot6OgWB7TYo6PAXLHYKe5xODi1/Pictures/bYAxuq6208238.jpg]
[media.atomicatpages.net/u/OEot6OgWB7TYo6PAXLHYKe5xODi1/Pictures/NlIeHI6208238.jpg]
[media.atomicatpages.net/u/OEot6OgWB7TYo6PAXLHYKe5xODi1/Pictures/eJFgbz6208238.jpg]
[media.atomicatpages.net/u/OEot6OgWB7TYo6PAXLHYKe5xODi1/Pictures/bSBuDo6208238.jpg]
[media.atomicatpages.net/u/OEot6OgWB7TYo6PAXLHYKe5xODi1/Pictures/YaQlni6208238.jpg]
[media.atomicatpages.net/u/OEot6OgWB7TYo6PAXLHYKe5xODi1/Pictures/gXPQee6208238.jpg]
[media.atomicatpages.net/u/OEot6OgWB7TYo6PAXLHYKe5xODi1/Pictures/pCoziF6208238.jpg]
[media.atomicatpages.net/u/OEot6OgWB7TYo6PAXLHYKe5xODi1/Pictures/YsranX4044254.jpg]
[media.atomicatpages.net/u/OEot6OgWB7TYo6PAXLHYKe5xODi1/Pictures/yQtuKb4011902.jpg]
[media.atomicatpages.net/u/OEot6OgWB7TYo6PAXLHYKe5xODi1/Pictures/jQYmJE4044254.jpg]
[media.atomicatpages.net/u/OEot6OgWB7TYo6PAXLHYKe5xODi1/Pictures/BdCFQi4044254.jpg]
[media.atomicatpages.net/u/OEot6OgWB7TYo6PAXLHYKe5xODi1/Pictures/CxPMvW7832755.png]
[media.atomicatpages.net/u/OEot6OgWB7TYo6PAXLHYKe5xODi1/Pictures/cBsBWA6315119.png]
[media.atomicatpages.net/u/OEot6OgWB7TYo6PAXLHYKe5xODi1/Pictures/bWJDFo6896459.jpg]
[media.atomicatpages.net/u/OEot6OgWB7TYo6PAXLHYKe5xODi1/Pictures/KRpiac8373263.png]
[media.atomicatpages.net/u/OEot6OgWB7TYo6PAXLHYKe5xODi1/l/hfDtoY6025594.jpg]
[media.atomicatpages.net/u/OEot6OgWB7TYo6PAXLHYKe5xODi1/l/WoeqrI8466103.png]
[media.atomicatpages.net/u/OEot6OgWB7TYo6PAXLHYKe5xODi1/Pictures/GacpjY8124705.png]
[www.sistemaviralafiliados.com/kiwify-metodo/termos.html]
[www.sistemaviralafiliados.com/kiwify-metodo/privacidade.html]
[www.sistemaviralafiliados.com/kiwify-metodo/js/XsaAGQ0177824.js]
[www.sistemaviralafiliados.com/kiwify-metodo/indexc016.html]
[cdnjs.cloudflare.com/ajax/libs/video.js/8.5.2/video-js.min.css]
[www.sistemaviralafiliados.com/kiwify-metodo/termos.html]
[www.sistemaviralafiliados.com/kiwify-metodo/privacidade.html]
[cdn.utmify.com.br/scripts/pixel/pixel.js]
